[webmarce.com/html/education/index.html]
[backblue.gif]
[fade.gif]
[index.html]
[webmarce.com/html/education/css/bootstrap.css]
[webmarce.com/html/education/css/font-awesome.css]
[webmarce.com/html/education/css/flaticon.css]
[webmarce.com/html/education/css/slick-slider.css]
[webmarce.com/html/education/css/prettyphoto.css]
[webmarce.com/html/education/build/mediaelementplayer.css]
[webmarce.com/html/education/style.css]
[webmarce.com/html/education/css/color.css]
[webmarce.com/html/education/css/color-two.css]
[webmarce.com/html/education/css/color-three.css]
[webmarce.com/html/education/css/color-four.css]
[webmarce.com/html/education/css/responsive.css]
[webmarce.com/html/education/images/logo-1.png]
[webmarce.com/html/education/index-two.html]
[webmarce.com/html/education/index-three.html]
[webmarce.com/html/education/index-four.html]
[webmarce.com/html/education/courses-grid.html]
[webmarce.com/html/education/courses-list.html]
[webmarce.com/html/education/courses-detail.html]
[webmarce.com/html/education/event-grid.html]
[webmarce.com/html/education/event-detail.html]
[webmarce.com/html/education/dashboard-courses.html]
[webmarce.com/html/education/student-dashboard-favourite.html]
[webmarce.com/html/education/student-dashboard-my-courses.html]
[webmarce.com/html/education/student-dashboard-profile.html]
[webmarce.com/html/education/student-dashboard-settings.html]
[webmarce.com/html/education/student-dashboard-statement.html]
[webmarce.com/html/education/404-page.html]
[webmarce.com/html/education/about-us.html]
[webmarce.com/html/education/blog-grid.html]
[webmarce.com/html/education/blog-list.html]
[webmarce.com/html/education/blog-detail.html]
[webmarce.com/html/education/faq-page.html]
[webmarce.com/html/education/ourprofessors.html]
[webmarce.com/html/education/our-professsors-detail.html]
[webmarce.com/html/education/typography-elements.html]
[webmarce.com/html/education/gallery.html]
[webmarce.com/html/education/shop-list.html]
[webmarce.com/html/education/shop-grid.html]
[webmarce.com/html/education/shop-single-product.html]
[webmarce.com/html/education/contact-us.html]
[webmarce.com/html/education/extra-images/megamenu-frame.jpg]
[webmarce.com/html/education/extra-images/mega-menuadd.jpg]
[webmarce.com/html/education/extra-images/banner-view1-1.jpg]
[webmarce.com/html/education/extra-images/banner-view1-2.jpg]
[webmarce.com/html/education/extra-images/banner-view1-3.jpg]
[webmarce.com/html/education/extra-images/papular-courses-1.jpg]
[webmarce.com/html/education/extra-images/papular-courses-thumb-1.jpg]
[webmarce.com/html/education/extra-images/papular-courses-2.jpg]
[webmarce.com/html/education/extra-images/papular-courses-thumb-2.jpg]
[webmarce.com/html/education/extra-images/papular-courses-3.jpg]
[webmarce.com/html/education/extra-images/papular-courses-thumb-3.jpg]
[webmarce.com/html/education/extra-images/papular-courses-4.jpg]
[webmarce.com/html/education/extra-images/papular-courses-thumb-4.jpg]
[webmarce.com/html/education/extra-images/ask-questoin-bg.png]
[webmarce.com/html/education/extra-images/learn-listing-1.png]
[webmarce.com/html/education/extra-images/learn-listing-2.png]
[webmarce.com/html/education/extra-images/learn-listing-3.png]
[webmarce.com/html/education/extra-images/learn-listing-4.png]
[webmarce.com/html/education/extra-images/latest-event-1.png]
[webmarce.com/html/education/extra-images/latest-event-2.png]
[webmarce.com/html/education/extra-images/testimonial-thumb-1.png]
[webmarce.com/html/education/extra-images/testimonial-thumb-2.png]
[webmarce.com/html/education/extra-images/news-grid-1.png]
[webmarce.com/html/education/extra-images/news-grid-thumb-1.png]
[webmarce.com/html/education/extra-images/news-grid-2.png]
[webmarce.com/html/education/extra-images/news-grid-thumb-2.png]
[webmarce.com/html/education/extra-images/news-grid-3.png]
[webmarce.com/html/education/extra-images/news-grid-thumb-3.png]
[webmarce.com/html/education/extra-images/university-partners-1.png]
[webmarce.com/html/education/extra-images/university-partners-2.png]
[webmarce.com/html/education/extra-images/university-partners-3.png]
[webmarce.com/html/education/extra-images/university-partners-4.png]
[webmarce.com/html/education/extra-images/university-partners-5.png]
[webmarce.com/html/education/extra-images/university-partners-6.png]
[webmarce.com/html/education/extra-images/widget-galleryfull-1.jpg]
[webmarce.com/html/education/extra-images/widget-gallery-1.jpg]
[webmarce.com/html/education/extra-images/widget-galleryfull-2.jpg]
[webmarce.com/html/education/extra-images/widget-gallery-2.jpg]
[webmarce.com/html/education/extra-images/widget-galleryfull-3.jpg]
[webmarce.com/html/education/extra-images/widget-gallery-3.jpg]
[webmarce.com/html/education/extra-images/widget-galleryfull-4.jpg]
[webmarce.com/html/education/extra-images/widget-gallery-4.jpg]
[webmarce.com/html/education/extra-images/widget-galleryfull-5.jpg]
[webmarce.com/html/education/extra-images/widget-gallery-5.jpg]
[webmarce.com/html/education/extra-images/widget-galleryfull-6.jpg]
[webmarce.com/html/education/extra-images/widget-gallery-6.jpg]
[webmarce.com/html/education/extra-images/widget-galleryfull-7.jpg]
[webmarce.com/html/education/extra-images/widget-gallery-7.jpg]
[webmarce.com/html/education/extra-images/widget-galleryfull-8.jpg]
[webmarce.com/html/education/extra-images/widget-gallery-8.jpg]
[webmarce.com/html/education/extra-images/widget-galleryfull-9.jpg]
[webmarce.com/html/education/extra-images/widget-gallery-9.jpg]
[webmarce.com/html/education/script/jquery.js]
[webmarce.com/html/education/script/modernizr.js]
[webmarce.com/html/education/script/bootstrap.min.js]
[webmarce.com/html/education/script/jquery.prettyphoto.js]
[webmarce.com/html/education/script/jquery.countdown.min.js]
[webmarce.com/html/education/script/fitvideo.js]
[webmarce.com/html/education/script/skills.js]
[webmarce.com/html/education/script/slick.slider.min.js]
[webmarce.com/html/education/script/waypoints-min.js]
[webmarce.com/html/education/build/mediaelement-and-player.min.js]
[webmarce.com/html/education/index.html]
[webmarce.com/html/education/script/isotope.min.js]
[webmarce.com/html/education/script/functions.js]
[webmarce.com/html/education/script/jquery.nicescroll.min.js]
[webmarce.com/html/education/extra-images/our-history-1.png]
[webmarce.com/html/education/images/contact-bg.png]
[webmarce.com/html/education/extra-images/conservatory-bg.jpg]
[webmarce.com/html/education/extra-images/conservatory-bg-1.jpg]
[webmarce.com/html/education/extra-images/our-history-2.jpg]
[webmarce.com/html/education/extra-images/parallex-1.jpg]
[webmarce.com/html/education/extra-images/our-history-3.jpg]
[webmarce.com/html/education/extra-images/conservatory-bg-2.jpg]
[webmarce.com/html/education/css/bootstrap.css]
[webmarce.com/html/education/fonts/fontawesome-webfont5b62.eot]
[webmarce.com/html/education/fonts/fontawesome-webfontd41d.eot]
[webmarce.com/html/education/fonts/fontawesome-webfont5b62.woff2]
[webmarce.com/html/education/fonts/fontawesome-webfont5b62.woff]
[webmarce.com/html/education/fonts/fontawesome-webfont5b62.ttf]
[webmarce.com/html/education/css/font-awesome.css]
[webmarce.com/html/education/fonts/icon749c.eot]
[webmarce.com/html/education/fonts/icon749c.ttf]
[webmarce.com/html/education/fonts/icon749c.woff]
[webmarce.com/html/education/css/flaticon.css]
[webmarce.com/html/education/css/slick-slider.css]
[webmarce.com/html/education/images/prettyPhoto/default/sprite.png]
[webmarce.com/html/education/images/prettyPhoto/default/sprite_x.png]
[webmarce.com/html/education/images/prettyPhoto/default/sprite_y.png]
[webmarce.com/html/education/images/prettyPhoto/default/sprite_next.png]
[webmarce.com/html/education/images/prettyPhoto/default/sprite_prev.png]
[webmarce.com/html/education/images/prettyPhoto/default/default_thumb.png]
[webmarce.com/html/education/images/prettyPhoto/default/loader.gif]
[webmarce.com/html/education/images/prettyPhoto/light_rounded/sprite.png]
[webmarce.com/html/education/images/prettyPhoto/light_rounded/btnNext.png]
[webmarce.com/html/education/images/prettyPhoto/light_rounded/btnPrevious.png]
[webmarce.com/html/education/images/prettyPhoto/dark_rounded/sprite.png]
[webmarce.com/html/education/images/prettyPhoto/dark_rounded/contentPattern.png]
[webmarce.com/html/education/images/prettyPhoto/dark_rounded/btnNext.png]
[webmarce.com/html/education/images/prettyPhoto/dark_rounded/btnPrevious.png]
[webmarce.com/html/education/images/prettyPhoto/dark_rounded/loader.gif]
[webmarce.com/html/education/images/prettyPhoto/dark_square/loader.gif]
[webmarce.com/html/education/images/prettyPhoto/dark_square/sprite.png]
[webmarce.com/html/education/images/prettyPhoto/dark_square/btnNext.png]
[webmarce.com/html/education/images/prettyPhoto/dark_square/btnPrevious.png]
[webmarce.com/html/education/images/prettyPhoto/light_square/sprite.png]
[webmarce.com/html/education/images/prettyPhoto/light_square/btnNext.png]
[webmarce.com/html/education/images/prettyPhoto/light_square/btnPrevious.png]
[webmarce.com/html/education/images/prettyPhoto/facebook/sprite.png]
[webmarce.com/html/education/images/prettyPhoto/facebook/contentPatternTop.png]
[webmarce.com/html/education/images/prettyPhoto/facebook/contentPatternLeft.png]
[webmarce.com/html/education/images/prettyPhoto/facebook/contentPatternRight.png]
[webmarce.com/html/education/images/prettyPhoto/facebook/loader.gif]
[webmarce.com/html/education/images/prettyPhoto/facebook/btnNext.png]
[webmarce.com/html/education/images/prettyPhoto/facebook/btnPrevious.png]
[webmarce.com/html/education/images/prettyPhoto/facebook/contentPatternBottom.png]
[webmarce.com/html/education/images/prettyPhoto/facebook/default_thumbnail.gif]
[webmarce.com/html/education/images/prettyPhoto/light_rounded/loader.gif]
[webmarce.com/html/education/css/prettyphoto.css]
[webmarce.com/html/education/build/bigplay.png]
[webmarce.com/html/education/build/bigplay1.png]
[webmarce.com/html/education/build/muteicon.png]
[webmarce.com/html/education/build/unmuteicon.png]
[webmarce.com/html/education/build/background.png]
[webmarce.com/html/education/build/loading.gif]
[webmarce.com/html/education/build/controls.png]
[webmarce.com/html/education/build/jumpforward.png]
[webmarce.com/html/education/build/skipback.png]
[webmarce.com/html/education/build/mediaelementplayer.css]
[webmarce.com/html/education/extra-images/mini-header.jpg]
[webmarce.com/html/education/images/title-line.png]
[webmarce.com/html/education/images/see-bg.png]
[webmarce.com/html/education/images/event-label-1.png]
[webmarce.com/html/education/images/featured-label.png]
[webmarce.com/html/education/images/bg.png]
[webmarce.com/html/education/images/contact-service-bg.png]
[webmarce.com/html/education/images/testimonial-qoutes.png]
[webmarce.com/html/education/images/apply-today-1.png]
[webmarce.com/html/education/images/testimonial-qoutes-2.png]
[webmarce.com/html/education/extra-images/gotquestion-1.jpg]
[webmarce.com/html/education/images/contact-bg-1.png]
[webmarce.com/html/education/extra-images/typo-callaction.jpg]
[webmarce.com/html/education/extra-images/button-typobg.jpg]
[webmarce.com/html/education/extra-images/404-image.jpg]
[webmarce.com/html/education/extra-images/faq-mini-header.jpg]
[webmarce.com/html/education/extra-images/categories-miniheader.jpg]
[webmarce.com/html/education/extra-images/our-professors-mini-header.jpg]
[webmarce.com/html/education/extra-images/singleshop-miniheader.jpg]
[webmarce.com/html/education/style.css]
[webmarce.com/html/education/css/color.css]
[webmarce.com/html/education/css/color-two.css]
[webmarce.com/html/education/css/color-three.css]
[webmarce.com/html/education/css/color-four.css]
[webmarce.com/html/education/css/responsive.css]
[webmarce.com/html/education/images/logo-2.png]
[webmarce.com/html/education/extra-images/banner-view2-1.jpg]
[webmarce.com/html/education/extra-images/banner-view2-2.jpg]
[webmarce.com/html/education/extra-images/banner-view2-3.jpg]
[webmarce.com/html/education/extra-images/popular-courses-1.jpg]
[webmarce.com/html/education/extra-images/popular-courses-thumb-1.jpg]
[webmarce.com/html/education/extra-images/popular-courses-2.jpg]
[webmarce.com/html/education/extra-images/popular-courses-thumb-2.jpg]
[webmarce.com/html/education/extra-images/popular-courses-3.jpg]
[webmarce.com/html/education/extra-images/popular-courses-thumb-3.jpg]
[webmarce.com/html/education/extra-images/popular-courses-4.jpg]
[webmarce.com/html/education/extra-images/popular-courses-thumb-4.jpg]
[webmarce.com/html/education/extra-images/modren-courses-1.jpg]
[webmarce.com/html/education/extra-images/modren-courses-2.jpg]
[webmarce.com/html/education/extra-images/modren-courses-3.jpg]
[webmarce.com/html/education/extra-images/modren-courses-4.jpg]
[webmarce.com/html/education/extra-images/latest-news-thumb-1.jpg]
[webmarce.com/html/education/extra-images/latest-news-thumb-2.jpg]
[webmarce.com/html/education/extra-images/latest-news-thumb-3.jpg]
[webmarce.com/html/education/extra-images/testimonial-slider-1.jpg]
[webmarce.com/html/education/extra-images/testimonial-slider-2.jpg]
[webmarce.com/html/education/extra-images/widget-latest-courses-1.jpg]
[webmarce.com/html/education/extra-images/widget-latest-courses-2.jpg]
[webmarce.com/html/education/extra-images/widget-latest-courses-3.jpg]
[webmarce.com/html/education/extra-images/widget-gallery-2-full-1.jpg]
[webmarce.com/html/education/extra-images/widget-gallery-2-1.jpg]
[webmarce.com/html/education/extra-images/widget-gallery-2-full-2.jpg]
[webmarce.com/html/education/extra-images/widget-gallery-2-2.jpg]
[webmarce.com/html/education/extra-images/widget-gallery-2-full-3.jpg]
[webmarce.com/html/education/extra-images/widget-gallery-2-3.jpg]
[webmarce.com/html/education/extra-images/widget-gallery-2-full-4.jpg]
[webmarce.com/html/education/extra-images/widget-gallery-2-4.jpg]
[webmarce.com/html/education/extra-images/widget-gallery-2-full-5.jpg]
[webmarce.com/html/education/extra-images/widget-gallery-2-5.jpg]
[webmarce.com/html/education/extra-images/widget-gallery-2-full-6.jpg]
[webmarce.com/html/education/extra-images/widget-gallery-2-6.jpg]
[webmarce.com/html/education/extra-images/widget-gallery-2-full-7.jpg]
[webmarce.com/html/education/extra-images/widget-gallery-2-7.jpg]
[webmarce.com/html/education/extra-images/widget-gallery-2-full-8.jpg]
[webmarce.com/html/education/extra-images/widget-gallery-2-8.jpg]
[webmarce.com/html/education/extra-images/widget-gallery-2-full-9.jpg]
[webmarce.com/html/education/extra-images/widget-gallery-2-9.jpg]
[webmarce.com/html/education/extra-images/footer-partner-1.png]
[webmarce.com/html/education/extra-images/footer-partner-2.png]
[webmarce.com/html/education/extra-images/footer-partner-3.png]
[webmarce.com/html/education/extra-images/footer-partner-4.png]
[webmarce.com/html/education/extra-images/footer-partner-5.png]
[webmarce.com/html/education/extra-images/footer-partner-6.png]
[webmarce.com/html/education/index-two.html]
[webmarce.com/html/education/images/logo-3.png]
[webmarce.com/html/education/extra-images/banner-view3-1.jpg]
[webmarce.com/html/education/extra-images/banner-view3-2.jpg]
[webmarce.com/html/education/extra-images/banner-view3-3.jpg]
[webmarce.com/html/education/extra-images/data-seince-1.jpg]
[webmarce.com/html/education/extra-images/courses-grid-popular-1.jpg]
[webmarce.com/html/education/extra-images/courses-grid-popular-2.jpg]
[webmarce.com/html/education/extra-images/courses-grid-popular-3.jpg]
[webmarce.com/html/education/extra-images/courses-grid-popular-4.jpg]
[webmarce.com/html/education/extra-images/latest-eventpop-1.jpg]
[webmarce.com/html/education/extra-images/latest-eventpop-2.jpg]
[webmarce.com/html/education/extra-images/latest-eventpop-3.jpg]
[webmarce.com/html/education/extra-images/featured-image-1.jpg]
[webmarce.com/html/education/extra-images/modren-courses-5.jpg]
[webmarce.com/html/education/extra-images/modren-courses-6.jpg]
[webmarce.com/html/education/extra-images/modren-courses-7.jpg]
[webmarce.com/html/education/extra-images/modren-courses-8.jpg]
[webmarce.com/html/education/build/echo-hereweare.mp4]
[webmarce.com/html/education/build/echo-hereweare.jpg]
[webmarce.com/html/education/extra-images/recent-list-1.jpg]
[webmarce.com/html/education/extra-images/recent-list-2.jpg]
[webmarce.com/html/education/extra-images/recent-list-3.jpg]
[webmarce.com/html/education/extra-images/latest-news-grid-1.jpg]
[webmarce.com/html/education/extra-images/latest-news-grid-2.jpg]
[webmarce.com/html/education/extra-images/latest-news-grid-3.jpg]
[webmarce.com/html/education/images/testimonial-comment.png]
[webmarce.com/html/education/extra-images/testimonial-nav-slider-1.jpg]
[webmarce.com/html/education/extra-images/testimonial-nav-slider-2.jpg]
[webmarce.com/html/education/extra-images/testimonial-nav-slider-3.jpg]
[webmarce.com/html/education/index-three.html]
[webmarce.com/html/education/extra-images/blogpost-widget.jpg]
[webmarce.com/html/education/images/logo-4.png]
[webmarce.com/html/education/extra-images/banner-view4-1.jpg]
[webmarce.com/html/education/extra-images/banner-view4-2.jpg]
[webmarce.com/html/education/extra-images/banner-view4-3.jpg]
[webmarce.com/html/education/extra-images/papular-courses-4-1.jpg]
[webmarce.com/html/education/extra-images/papular-courses-4-2.jpg]
[webmarce.com/html/education/extra-images/papular-courses-4-3.jpg]
[webmarce.com/html/education/extra-images/papular-courses-4-4.jpg]
[webmarce.com/html/education/extra-images/our-profesors-1.jpg]
[webmarce.com/html/education/extra-images/our-profesors-2.jpg]
[webmarce.com/html/education/extra-images/our-profesors-3.jpg]
[webmarce.com/html/education/extra-images/learn-grid-1.jpg]
[webmarce.com/html/education/extra-images/learn-grid-2.jpg]
[webmarce.com/html/education/extra-images/learn-grid-3.jpg]
[webmarce.com/html/education/extra-images/learn-grid-4.jpg]
[webmarce.com/html/education/extra-images/event-medium-1.jpg]
[webmarce.com/html/education/extra-images/event-medium-2.jpg]
[webmarce.com/html/education/extra-images/event-medium-3.jpg]
[webmarce.com/html/education/extra-images/modren-testimonial-1.jpg]
[webmarce.com/html/education/extra-images/modren-testimonial-2.jpg]
[webmarce.com/html/education/extra-images/modren-testimonial-3.jpg]
[webmarce.com/html/education/extra-images/latest-news-grid-2-1.jpg]
[webmarce.com/html/education/extra-images/latest-news-grid-2-2.jpg]
[webmarce.com/html/education/extra-images/latest-news-grid-2-3.jpg]
[webmarce.com/html/education/extra-images/widget-gallery-3-1.jpg]
[webmarce.com/html/education/extra-images/widget-gallery-3-2.jpg]
[webmarce.com/html/education/extra-images/widget-gallery-3-3.jpg]
[webmarce.com/html/education/extra-images/widget-gallery-3-4.jpg]
[webmarce.com/html/education/extra-images/widget-gallery-3-5.jpg]
[webmarce.com/html/education/extra-images/widget-gallery-3-6.jpg]
[webmarce.com/html/education/extra-images/widget-gallery-3-7.jpg]
[webmarce.com/html/education/extra-images/widget-gallery-3-8.jpg]
[webmarce.com/html/education/index-four.html]
[webmarce.com/html/education/extra-images/widget-gallery-3-9.jpg]
[webmarce.com/html/education/extra-images/papular-courses-5.jpg]
[webmarce.com/html/education/extra-images/papular-courses-6.jpg]
[webmarce.com/html/education/extra-images/papular-courses-thumb-5.jpg]
[webmarce.com/html/education/extra-images/papular-courses-7.jpg]
[webmarce.com/html/education/extra-images/papular-courses-thumb-6.jpg]
[webmarce.com/html/education/extra-images/papular-courses-8.jpg]
[webmarce.com/html/education/extra-images/papular-courses-thumb-7.jpg]
[webmarce.com/html/education/extra-images/papular-courses-9.jpg]
[webmarce.com/html/education/extra-images/papular-courses-thumb-8.jpg]
[webmarce.com/html/education/extra-images/papular-courses-10.jpg]
[webmarce.com/html/education/extra-images/papular-courses-thumb-9.jpg]
[webmarce.com/html/education/extra-images/papular-courses-11.jpg]
[webmarce.com/html/education/extra-images/papular-courses-12.jpg]
[webmarce.com/html/education/extra-images/papular-courses-13.jpg]
[webmarce.com/html/education/extra-images/papular-courses-14.jpg]
[webmarce.com/html/education/extra-images/papular-courses-15.jpg]
[webmarce.com/html/education/extra-images/papular-courses-16.jpg]
[webmarce.com/html/education/courses-grid.html]
[webmarce.com/html/education/courses-list.html]
[webmarce.com/html/education/extra-images/blog-widget-1.jpg]
[webmarce.com/html/education/extra-images/blog-widget-2.jpg]
[webmarce.com/html/education/extra-images/blog-widget-3.jpg]
[webmarce.com/html/education/extra-images/our-courses-author.jpg]
[webmarce.com/html/education/extra-images/widget-add.jpg]
[webmarce.com/html/education/extra-images/widget-latestnews-1.jpg]
[webmarce.com/html/education/extra-images/widget-latestnews-2.jpg]
[webmarce.com/html/education/extra-images/widget-latestnews-3.jpg]
[webmarce.com/html/education/extra-images/our-courses1.jpg]
[webmarce.com/html/education/extra-images/reviews-1.jpg]
[webmarce.com/html/education/extra-images/reviews-2.jpg]
[webmarce.com/html/education/extra-images/reviews-3.jpg]
[webmarce.com/html/education/extra-images/author-blog-2.jpg]
[webmarce.com/html/education/courses-detail.html]
[webmarce.com/html/education/extra-images/author-blog-7.jpg]
[webmarce.com/html/education/extra-images/latest-event-3.jpg]
[webmarce.com/html/education/extra-images/latest-event-4.jpg]
[webmarce.com/html/education/extra-images/latest-event-5.jpg]
[webmarce.com/html/education/extra-images/latest-event-6.jpg]
[webmarce.com/html/education/extra-images/latest-event-7.jpg]
[webmarce.com/html/education/extra-images/latest-event-8.jpg]
[webmarce.com/html/education/event-grid.html]
[webmarce.com/html/education/extra-images/event-detail-1.jpg]
[webmarce.com/html/education/extra-images/share-img.png]
[webmarce.com/html/education/extra-images/lesson-list1.jpg]
[webmarce.com/html/education/extra-images/lesson-list2.jpg]
[webmarce.com/html/education/extra-images/lesson-list3.jpg]
[webmarce.com/html/education/extra-images/our-professors-1.jpg]
[webmarce.com/html/education/extra-images/our-professors-2.jpg]
[webmarce.com/html/education/extra-images/event-register-thumb.png]
[webmarce.com/html/education/extra-images/event-visa1.png]
[webmarce.com/html/education/extra-images/event-visa2.png]
[webmarce.com/html/education/extra-images/event-visa3.png]
[webmarce.com/html/education/extra-images/event-visa4.png]
[webmarce.com/html/education/extra-images/paypal.png]
[webmarce.com/html/education/event-detail.html]
[webmarce.com/html/education/extra-images/students-setting-1.jpg]
[webmarce.com/html/education/dashboard-courses.html]
[webmarce.com/html/education/extra-images/student-favourite-1.jpg]
[webmarce.com/html/education/extra-images/favourite-1.jpg]
[webmarce.com/html/education/extra-images/student-favourite-2.jpg]
[webmarce.com/html/education/extra-images/favourite-2.jpg]
[webmarce.com/html/education/extra-images/student-favourite-3.jpg]
[webmarce.com/html/education/extra-images/favourite-3.jpg]
[webmarce.com/html/education/extra-images/student-favourite-4.jpg]
[webmarce.com/html/education/extra-images/favourite-4.jpg]
[webmarce.com/html/education/student-dashboard-favourite.html]
[webmarce.com/html/education/student-dashboard-my-courses.html]
[webmarce.com/html/education/student-dashboard-profile.html]
[webmarce.com/html/education/student-dashboard-settings.html]
[webmarce.com/html/education/student-dashboard-statement.html]
[webmarce.com/html/education/404-page.html]
[webmarce.com/html/education/extra-images/whowe-are-1.jpg]
[webmarce.com/html/education/extra-images/our-professors-3.jpg]
[webmarce.com/html/education/about-us.html]
[webmarce.com/html/education/extra-images/news-grid-4.jpg]
[webmarce.com/html/education/extra-images/news-grid-5.jpg]
[webmarce.com/html/education/extra-images/news-grid-6.jpg]
[webmarce.com/html/education/extra-images/news-grid-7.jpg]
[webmarce.com/html/education/extra-images/news-grid-8.jpg]
[webmarce.com/html/education/extra-images/news-grid-9.jpg]
[webmarce.com/html/education/blog-grid.html]
[webmarce.com/html/education/extra-images/blog-medium-1.jpg]
[webmarce.com/html/education/extra-images/blog-medium-2.jpg]
[webmarce.com/html/education/extra-images/blog-medium-3.jpg]
[webmarce.com/html/education/extra-images/blog-medium-4.jpg]
[webmarce.com/html/education/extra-images/blog-medium-5.jpg]
[webmarce.com/html/education/extra-images/blog-medium-6.jpg]
[webmarce.com/html/education/extra-images/blog-medium-7.jpg]
[webmarce.com/html/education/extra-images/blog-medium-8.jpg]
[webmarce.com/html/education/blog-list.html]
[webmarce.com/html/education/extra-images/blog-detail.jpg]
[webmarce.com/html/education/extra-images/blog-author.jpg]
[webmarce.com/html/education/blog-detail.html]
[webmarce.com/html/education/faq-page.html]
[webmarce.com/html/education/extra-images/admin-blog.jpg]
[webmarce.com/html/education/extra-images/our-professors-4.jpg]
[webmarce.com/html/education/extra-images/our-professors-5.jpg]
[webmarce.com/html/education/extra-images/our-professors-6.jpg]
[webmarce.com/html/education/extra-images/our-professors-7.jpg]
[webmarce.com/html/education/extra-images/our-professors-8.jpg]
[webmarce.com/html/education/ourprofessors.html]
[webmarce.com/html/education/extra-images/our-professors-9.jpg]
[webmarce.com/html/education/extra-images/our-professors-law.jpg]
[webmarce.com/html/education/our-professsors-detail.html]
[webmarce.com/html/education/extra-images/typo-tabs.jpg]
[webmarce.com/html/education/typography-elements.html]
[webmarce.com/html/education/extra-images/gallery-1.jpg]
[webmarce.com/html/education/extra-images/gallery-2.jpg]
[webmarce.com/html/education/extra-images/gallery-3.jpg]
[webmarce.com/html/education/extra-images/gallery-4.jpg]
[webmarce.com/html/education/extra-images/gallery-5.jpg]
[webmarce.com/html/education/extra-images/gallery-6.jpg]
[webmarce.com/html/education/extra-images/gallery-7.jpg]
[webmarce.com/html/education/extra-images/gallery-8.jpg]
[webmarce.com/html/education/extra-images/gallery-9.jpg]
[webmarce.com/html/education/gallery.html]
[webmarce.com/html/education/extra-images/future-course-image-1.jpg]
[webmarce.com/html/education/extra-images/shop-gird-1.jpg]
[webmarce.com/html/education/extra-images/categories-tittle-img.jpg]
[webmarce.com/html/education/extra-images/shop-gird-2.jpg]
[webmarce.com/html/education/extra-images/categories-tittle-img2.jpg]
[webmarce.com/html/education/extra-images/shop-gird-3.jpg]
[webmarce.com/html/education/extra-images/categories-tittle-img3.jpg]
[webmarce.com/html/education/extra-images/shop-gird-4.jpg]
[webmarce.com/html/education/extra-images/categories-tittle-img4.jpg]
[webmarce.com/html/education/extra-images/shop-gird-5.jpg]
[webmarce.com/html/education/extra-images/categories-tittle-img5.jpg]
[webmarce.com/html/education/extra-images/shop-gird-6.jpg]
[webmarce.com/html/education/extra-images/categories-tittle-img6.jpg]
[webmarce.com/html/education/extra-images/shop-gird-7.jpg]
[webmarce.com/html/education/extra-images/categories-tittle-img7.jpg]
[webmarce.com/html/education/extra-images/shop-gird-8.jpg]
[webmarce.com/html/education/extra-images/categories-tittle-img8.jpg]
[webmarce.com/html/education/extra-images/shop-gird-9.jpg]
[webmarce.com/html/education/extra-images/categories-tittle-img9.jpg]
[webmarce.com/html/education/shop-list.html]
[webmarce.com/html/education/extra-images/shop-gird-10.jpg]
[webmarce.com/html/education/extra-images/categories-tittle-img10.jpg]
[webmarce.com/html/education/extra-images/shop-gird-11.jpg]
[webmarce.com/html/education/extra-images/categories-tittle-img11.jpg]
[webmarce.com/html/education/extra-images/shop-gird-12.jpg]
[webmarce.com/html/education/extra-images/categories-tittle-img12.jpg]
[webmarce.com/html/education/extra-images/shop-gird-13.jpg]
[webmarce.com/html/education/extra-images/categories-tittle-img13.jpg]
[webmarce.com/html/education/extra-images/shop-gird-14.jpg]
[webmarce.com/html/education/extra-images/categories-tittle-img14.jpg]
[webmarce.com/html/education/extra-images/shop-gird-15.jpg]
[webmarce.com/html/education/extra-images/categories-tittle-img15.jpg]
[webmarce.com/html/education/shop-grid.html]
[webmarce.com/html/education/extra-images/shop-single.jpg]
[webmarce.com/html/education/extra-images/shop-single-2.jpg]
[webmarce.com/html/education/extra-images/shop-single-3.jpg]
[webmarce.com/html/education/extra-images/shop-single-4.jpg]
[webmarce.com/html/education/extra-images/shop-single-5.jpg]
[webmarce.com/html/education/extra-images/shop-icon-fb.jpg]
[webmarce.com/html/education/extra-images/shop-icon-gmail.jpg]
[webmarce.com/html/education/extra-images/shop-icon-twitter.jpg]
[webmarce.com/html/education/extra-images/shop-icon-pinit.jpg]
[webmarce.com/html/education/extra-images/shop-reviews-1.jpg]
[webmarce.com/html/education/extra-images/shop-reviews-2.jpg]
[webmarce.com/html/education/extra-images/shop-reviews-3.jpg]
[webmarce.com/html/education/shop-single-product.html]
[webmarce.com/html/education/contact-us.html]
[webmarce.com/html/education/fonts/glyphicons-halflings-regular.html]
[webmarce.com/html/education/fonts/glyphicons-halflings-regulard41d.html]
[webmarce.com/html/education/fonts/glyphicons-halflings-regular-2.html]
[webmarce.com/html/education/fonts/glyphicons-halflings-regular-3.html]
[webmarce.com/html/education/fonts/glyphicons-halflings-regular-4.html]
[webmarce.com/html/education/fonts/glyphicons-halflings-regular-5.html]
[webmarce.com/html/education/fonts/fontawesome-webfont5b62.svg]
[webmarce.com/html/education/fonts/icon749c.svg]
[webmarce.com/html/education/build/controls.svg]
[webmarce.com/html/education/blur.html]
[webmarce.com/html/education/casestudy-single-post.html]
[webmarce.com/html/education/extra-images/shop-detail-5.html]
[webmarce.com/html/education/build/echo-hereweare.mp4]
